V3 4
FL /home/dev/projects/es4/fhdw-vhdl-stopwatch/src/stopwatch_controller.vhd 2023/08/16.14:30:04 P.20131013
EN work/stopwatch_controller 1692189064 \
      FL /home/dev/projects/es4/fhdw-vhdl-stopwatch/src/stopwatch_controller.vhd \
      PB ieee/std_logic_1164 1381692176
AR work/stopwatch_controller/Behavioral 1692189065 \
      FL /home/dev/projects/es4/fhdw-vhdl-stopwatch/src/stopwatch_controller.vhd \
      EN work/stopwatch_controller 1692189064
FL /home/fred/xilinx/assignments/stopwatch/src/stopwatch_controller.vhd 2023/08/14.21:03:00 P.20131013
