V3 4
FL /home/dev/projects/es4/fhdw-vhdl-stopwatch/src/stopwatch_controller.vhd 2023/08/16.14:36:20 P.20131013
EN work/stopwatch_controller 1692556289 \
      FL /home/dev/projects/es4/fhdw-vhdl-stopwatch/src/stopwatch_controller.vhd \
      PB ieee/std_logic_1164 1381692176
AR work/stopwatch_controller/Behavioral 1692556290 \
      FL /home/dev/projects/es4/fhdw-vhdl-stopwatch/src/stopwatch_controller.vhd \
      EN work/stopwatch_controller 1692556289
FL /home/fred/xilinx/assignments/stopwatch/src/stopwatch_controller.vhd 2023/08/14.21:03:00 P.20131013
